[2025-03-06T08:19:43.254Z] [Unhandled Rejection] TypeError: require(...) is not a function
    at loadHandlers (C:\Users\kingn\Desktop\Development\Aether\src\index.js:87:43)
    at process.processTicksAndRejections (node:internal/process/task_queues:105:5)
    at async C:\Users\kingn\Desktop\Development\Aether\src\index.js:95:3

